// Jest Snapshot v1, https://goo.gl/fbAQLP

exports[`<LoadingSpinner /> should render correctly 1`] = `
<div
  className="loading-spinner"
>
  <div />
  <div />
  <div />
  <div />
</div>
`;
